# ⚠️ 本日志已脱敏 / This log has been redacted
#
# 为保护设备唯一标识，以下字节被替换为 xx（字节数与偏移保持不变）：
#   · flashId 后 9 字节（前 7 字节 `AP53002` 是共用型号前缀，保留）
#   · deviceSn 全部 17 字节（分两包传输）
# 其余内容（时序、帧、键码、十六进制布局）与原始记录完全一致。
#
# To protect the device's unique identifiers, the following bytes were replaced with `xx`
# (byte count and offsets unchanged):
#   · the last 9 bytes of flashId (the first 7 bytes, `AP53002`, are a shared model prefix and are kept)
#   · all 17 bytes of deviceSn (sent in two packets)
# Everything else (timing, frames, key codes, hex layout) is identical to the original recording.
#

===== 2026-09-21T13:33:27 =====
════════════════════════════════════════════════════════════════
   Vibe Key 终端监控    Ctrl-C 退出
════════════════════════════════════════════════════════════════
   TEA/ECB 解密已启用 · 不依赖 Ulanzi Studio
   注意：按键会注入当前焦点窗口，建议保持本终端在前台

13:33:27.702 ● 已连接 AU05  厂商通道  usagePage=0xFFFC usage=0x0001
13:33:27.720 ● 已连接 AU05  键盘/多媒体  usagePage=0x000C usage=0x0001

   开始监听，请操作 Vibe Key…


────────────────────────────────────────────────────────────────
  本次会话统计
────────────────────────────────────────────────────────────────
  （保活往返）                             1
  时长                                 2.1s

   事件已写入 /tmp/vibekey-events.log

===== 2026-09-21T13:33:54 =====
════════════════════════════════════════════════════════════════
   Vibe Key 终端监控    Ctrl-C 退出
════════════════════════════════════════════════════════════════
   TEA/ECB 解密已启用 · 不依赖 Ulanzi Studio
   注意：按键会注入当前焦点窗口，建议保持本终端在前台

13:33:54.746 ● 已连接 AU05  厂商通道  usagePage=0xFFFC usage=0x0001
13:33:54.756 ● 跳过   AU05  键盘/多媒体  被占用 0xE00002E2

   开始监听，请操作 Vibe Key…


  主动查询设备状态（只读）

  → 查询 设备在线状态           06 03 0a 01
13:33:54.762 厂商 ← 读 设备在线状态  01         cmd=0x06 flags=0 len=63
  → 查询 设备 flashId       01 04 0b 01
13:33:55.212 厂商 ← 读 设备 flashId  41 50 35 33 30 30 32 xx xx xx xx xx xx xx xx xx cmd=0x01 flags=4 len=63
  → 查询 设备 SN            01 01 0b 01
13:33:55.649 厂商 ← 读 设备 SN  0a 00 xx xx xx xx xx xx xx xx xx xx cmd=0x01 flags=4 len=63
13:33:55.655 厂商 ← 读 设备 SN  0a 00 xx xx xx xx xx xx xx xx xx xx cmd=0x01 flags=4 len=63
13:33:55.658 厂商 ← 读 设备 SN  07 01 xx xx xx xx xx xx xx cmd=0x01 flags=4 len=63
13:33:55.664 厂商 ← 读 设备 SN  07 01 xx xx xx xx xx xx xx cmd=0x01 flags=4 len=63
13:33:55.668 厂商 ← 读 设备 SN  07 01 xx xx xx xx xx xx xx cmd=0x01 flags=4 len=63
  → 查询 固件版本             01 04 04 01
13:33:56.082 厂商 ← 读 固件版本  41 00 00 28 28 01 04 04 02 26 08 13 20 30 cmd=0x01 flags=4 len=63
  → 查询 硬件版本             01 01 41 01
13:33:56.519 厂商 ← 读 硬件版本  全 0（未配置）     cmd=0x01 flags=4 len=63
  → 查询 dongle 版本        06 02 03 01
13:33:56.933 厂商 ← 读 dongle 版本  41 00 00 16 28 00 04 04 02 26 08 13 20 30 cmd=0x06 flags=0 len=63
  → 查询 电量               01 01 02 01
13:33:57.378 厂商 ← 读 电量  dd 0d 1e 00 f1 01 cmd=0x01 flags=4 len=63
  → 查询 亮度               01 06 20 01
13:33:57.809 厂商 ← 读 亮度  全 0（未配置）       cmd=0x01 flags=4 len=63
  → 查询 Hooks 模式         01 0b 89 01
  → 查询 指示灯参数            01 0b 88 01
13:33:58.685 厂商 ← 读 指示灯参数  [00 00 02 07 02 0a 02 07 02 02 0a 02 07 02 02 0a] cmd=0x01 flags=4 len=63
  → 查询 全部按键功能           01 06 31 01
13:33:59.109 厂商 ← 读 全部按键功能  全 0（未配置）   cmd=0x01 flags=4 len=63
  → 查询 按键功能支持           01 06 38 01
13:33:59.543 厂商 ← 读 按键功能支持  全 0（未配置）   cmd=0x01 flags=4 len=63
  → 查询 AI 按钮功能          01 06 21 01
13:33:59.985 厂商 ← 读 AI 按钮功能  全 0（未配置）  cmd=0x01 flags=4 len=63
  → 查询 麦克风开关            01 01 2a 01
13:34:00.421 厂商 ← 读 麦克风开关  全 0（未配置）    cmd=0x01 flags=4 len=63
  → 查询 麦克风降噪等级          01 01 90 01
13:34:00.852 厂商 ← 读 麦克风降噪等级  低=0 高=100  低=0 高=100  (双麦) cmd=0x01 flags=4 len=63
  → 查询 马达强度             01 06 40 01
13:34:01.288 厂商 ← 读 马达强度  全 0（未配置）     cmd=0x01 flags=4 len=63
  → 查询 旋钮开关             01 01 34 01
13:34:01.725 厂商 ← 读 旋钮开关  全 0（未配置）     cmd=0x01 flags=4 len=63
13:34:09.555 厂商 → 通知/心跳 ctr=2135102066141 cmd=0x0B flags=0 len=63

────────────────────────────────────────────────────────────────
  本次会话统计
────────────────────────────────────────────────────────────────
  （保活往返）                             12
  厂商 ← 读 设备 SN  07 01 xx xx xx xx xx xx xx 3
  厂商 ← 读 设备 SN  0a 00 xx xx xx xx xx xx xx xx xx xx 2
  厂商 ← 读 设备在线状态  01                  1
  厂商 ← 读 设备 flashId  41 50 35 33 30 30 32 xx xx xx xx xx xx xx xx xx 1
  厂商 ← 读 固件版本  41 00 00 28 28 01 04 04 02 26 08 13 20 30 1
  厂商 ← 读 硬件版本  全 0（未配置）              1
  厂商 ← 读 dongle 版本  41 00 00 16 28 00 04 04 02 26 08 13 20 30 1
  厂商 ← 读 电量  dd 0d 1e 00 f1 01       1
  厂商 ← 读 亮度  全 0（未配置）                1
  厂商 ← 读 指示灯参数  [00 00 02 07 02 0a 02 07 02 02 0a 02 07 02 02 0a] 1
  厂商 ← 读 全部按键功能  全 0（未配置）            1
  厂商 ← 读 按键功能支持  全 0（未配置）            1
  厂商 ← 读 AI 按钮功能  全 0（未配置）           1
  厂商 ← 读 麦克风开关  全 0（未配置）             1
  厂商 ← 读 麦克风降噪等级  低=0 高=100  低=0 高=100  (双麦) 1
  厂商 ← 读 马达强度  全 0（未配置）              1
  厂商 ← 读 旋钮开关  全 0（未配置）              1
  厂商 → 通知/心跳 ctr=2135102066141       1
  时长                                 31.6s

   事件已写入 /tmp/vibekey-events.log

===== 2026-09-21T13:35:05 =====
════════════════════════════════════════════════════════════════
   Vibe Key 终端监控    Ctrl-C 退出
════════════════════════════════════════════════════════════════
   TEA/ECB 解密已启用 · 不依赖 Ulanzi Studio
   注意：按键会注入当前焦点窗口，建议保持本终端在前台

13:35:05.157 ● 已连接 AU05  厂商通道  usagePage=0xFFFC usage=0x0001
13:35:05.178 ● 已连接 AU05  输入接口  usagePage=0x000C usage=0x0001

   开始监听，请操作 Vibe Key…


────────────────────────────────────────────────────────────────
  本次会话统计
────────────────────────────────────────────────────────────────
  （没有捕获到任何事件）
  时长                                 3.1s

   事件已写入 /tmp/vibekey-events.log

===== 2026-09-21T13:35:13 =====
════════════════════════════════════════════════════════════════
   Vibe Key 终端监控    Ctrl-C 退出
════════════════════════════════════════════════════════════════
   TEA/ECB 解密已启用 · 不依赖 Ulanzi Studio
   注意：按键会注入当前焦点窗口，建议保持本终端在前台

13:35:13.077 ● 已连接 AU05  厂商通道  usagePage=0xFFFC usage=0x0001
13:35:13.097 ● 已连接 AU05  输入接口  usagePage=0x000C usage=0x0001

   开始监听，请操作 Vibe Key…


===== 2026-09-21T13:35:15 =====
════════════════════════════════════════════════════════════════
   Vibe Key 终端监控    Ctrl-C 退出
════════════════════════════════════════════════════════════════
   TEA/ECB 解密已启用 · 不依赖 Ulanzi Studio
   注意：按键会注入当前焦点窗口，建议保持本终端在前台

13:35:15.093 ● 已连接 AU05  厂商通道  usagePage=0xFFFC usage=0x0001
13:35:15.108 ● 已连接 AU05  输入接口  usagePage=0x000C usage=0x0001

   开始监听，请操作 Vibe Key…


────────────────────────────────────────────────────────────────
  本次会话统计
────────────────────────────────────────────────────────────────
  （没有捕获到任何事件）
  时长                                 4.1s

   事件已写入 /tmp/vibekey-events.log

────────────────────────────────────────────────────────────────
  本次会话统计
────────────────────────────────────────────────────────────────
  （没有捕获到任何事件）
  时长                                 8.1s

   事件已写入 /tmp/vibekey-events.log

===== 2026-09-21T13:36:18 =====
════════════════════════════════════════════════════════════════
   Vibe Key 终端监控    Ctrl-C 退出
════════════════════════════════════════════════════════════════
   TEA/ECB 解密已启用 · 不依赖 Ulanzi Studio
   注意：按键会注入当前焦点窗口，建议保持本终端在前台

13:36:18.678 ● 已连接 AU05  厂商通道  usagePage=0xFFFC usage=0x0001
13:36:18.724 ● 已连接 AU05  输入接口  usagePage=0x000C usage=0x0001

   开始监听，请操作 Vibe Key…


  主动查询设备状态（只读）

  → 查询 设备在线状态           06 03 0a 01
13:36:18.730 厂商 ← 读 设备在线状态  01         cmd=0x06 flags=0 len=63
  → 查询 设备 flashId       01 04 0b 01
13:36:19.174 厂商 ← 读 设备 flashId  41 50 35 33 30 30 32 xx xx xx xx xx xx xx xx xx cmd=0x01 flags=4 len=63
  → 查询 设备 SN            01 01 0b 01
13:36:19.614 厂商 ← 读 设备 SN  0a 00 xx xx xx xx xx xx xx xx xx xx cmd=0x01 flags=4 len=63
13:36:19.618 厂商 ← 读 设备 SN  0a 00 xx xx xx xx xx xx xx xx xx xx cmd=0x01 flags=4 len=63
13:36:19.624 厂商 ← 读 设备 SN  07 01 xx xx xx xx xx xx xx cmd=0x01 flags=4 len=63
13:36:19.628 厂商 ← 读 设备 SN  07 01 xx xx xx xx xx xx xx cmd=0x01 flags=4 len=63
13:36:19.634 厂商 ← 读 设备 SN  07 01 xx xx xx xx xx xx xx cmd=0x01 flags=4 len=63
  → 查询 固件版本             01 04 04 01
13:36:20.054 厂商 ← 读 固件版本  41 00 00 28 28 01 04 04 02 26 08 13 20 30 cmd=0x01 flags=4 len=63
  → 查询 硬件版本             01 01 41 01
13:36:20.484 厂商 ← 读 硬件版本  全 0（未配置）     cmd=0x01 flags=4 len=63
  → 查询 dongle 版本        06 02 03 01
13:36:20.909 厂商 ← 读 dongle 版本  41 00 00 16 28 00 04 04 02 26 08 13 20 30 cmd=0x06 flags=0 len=63
  → 查询 电量               01 01 02 01
13:36:21.364 厂商 ← 读 电量  d9 0d 1e 00 ef 01 cmd=0x01 flags=4 len=63
  → 查询 亮度               01 06 20 01
13:36:21.800 厂商 ← 读 亮度  全 0（未配置）       cmd=0x01 flags=4 len=63
  → 查询 Hooks 模式         01 0b 89 01
  → 查询 指示灯参数            01 0b 88 01
13:36:22.660 厂商 ← 读 指示灯参数  [00 00 02 07 02 0a 02 07 02 02 0a 02 07 02 02 0a] cmd=0x01 flags=4 len=63
  → 查询 全部按键功能           01 06 31 01
13:36:23.094 厂商 ← 读 全部按键功能  全 0（未配置）   cmd=0x01 flags=4 len=63
  → 查询 按键功能支持           01 06 38 01
13:36:23.530 厂商 ← 读 按键功能支持  全 0（未配置）   cmd=0x01 flags=4 len=63
  → 查询 AI 按钮功能          01 06 21 01
13:36:23.960 厂商 ← 读 AI 按钮功能  全 0（未配置）  cmd=0x01 flags=4 len=63
  → 查询 麦克风开关            01 01 2a 01
13:36:24.390 厂商 ← 读 麦克风开关  全 0（未配置）    cmd=0x01 flags=4 len=63
  → 查询 麦克风降噪等级          01 01 90 01
13:36:24.822 厂商 ← 读 麦克风降噪等级  低=0 高=100  低=0 高=100  (双麦) cmd=0x01 flags=4 len=63
  → 查询 马达强度             01 06 40 01
13:36:25.258 厂商 ← 读 马达强度  全 0（未配置）     cmd=0x01 flags=4 len=63
  → 查询 旋钮开关             01 01 34 01
13:36:25.688 厂商 ← 读 旋钮开关  全 0（未配置）     cmd=0x01 flags=4 len=63
13:36:28.818 厂商 → 通知/心跳 ctr=2126512131545 cmd=0x0B flags=0 len=63
13:36:28.960 按键     ⌨ 旋钮 按下  PrintScreen                178 ms
13:36:32.822 旋钮     ⟳ 旋钮 ← 左拧 Backspace                    2 ms
13:36:33.778 旋钮     ⟳ 旋钮 → 右拧 RightArrow                   3 ms
13:36:35.209 按键     ⌨ 键 1 (上) ErrorRollOver —— 无效码       132 ms
13:36:36.164 按键     ⌨ 键 2 (中) Enter                      147 ms
13:36:36.908 按键     ⌨ 键 3 (下) Esc                         90 ms
13:37:37.979 按键     ⌨ 旋钮 按下  PrintScreen                156 ms
13:37:39.189 按键     ⌨ 旋钮 按下  PrintScreen                111 ms
13:37:39.684 按键     ⌨ 旋钮 按下  PrintScreen                105 ms
13:37:40.699 旋钮     ⟳ 旋钮 ← 左拧 Backspace                    6 ms
13:37:40.769 旋钮     ⟳ 旋钮 ← 左拧 Backspace                    7 ms
13:37:40.918 旋钮     ⟳ 旋钮 ← 左拧 Backspace                    3 ms
13:37:40.982 旋钮     ⟳ 旋钮 ← 左拧 Backspace                    3 ms
13:37:41.025 旋钮     ⟳ 旋钮 ← 左拧 Backspace                    7 ms
13:37:41.119 旋钮     ⟳ 旋钮 ← 左拧 Backspace                    6 ms
13:37:41.533 旋钮     ⟳ 旋钮 → 右拧 RightArrow                   3 ms
13:37:41.558 旋钮     ⟳ 旋钮 → 右拧 RightArrow                   4 ms
13:37:41.585 旋钮     ⟳ 旋钮 → 右拧 RightArrow                   7 ms
13:37:41.655 旋钮     ⟳ 旋钮 → 右拧 RightArrow                   7 ms
13:37:41.698 旋钮     ⟳ 旋钮 → 右拧 RightArrow                   4 ms
13:37:41.743 旋钮     ⟳ 旋钮 → 右拧 RightArrow                   5 ms
13:37:41.794 旋钮     ⟳ 旋钮 → 右拧 RightArrow                   6 ms
13:37:41.833 旋钮     ⟳ 旋钮 → 右拧 RightArrow                   6 ms
13:37:41.872 旋钮     ⟳ 旋钮 → 右拧 RightArrow                   3 ms
13:37:41.899 旋钮     ⟳ 旋钮 → 右拧 RightArrow                   6 ms
13:37:41.938 旋钮     ⟳ 旋钮 → 右拧 RightArrow                   6 ms
13:37:41.984 旋钮     ⟳ 旋钮 → 右拧 RightArrow                   7 ms
13:37:42.042 旋钮     ⟳ 旋钮 → 右拧 RightArrow                   3 ms
13:37:42.114 旋钮     ⟳ 旋钮 → 右拧 RightArrow                   6 ms
13:37:42.144 旋钮     ⟳ 旋钮 → 右拧 RightArrow                   6 ms
13:37:42.663 按键     ⌨ 键 1 (上) ErrorRollOver —— 无效码       120 ms
13:37:42.890 按键     ⌨ 键 2 (中) Enter                       91 ms
13:37:43.128 按键     ⌨ 键 3 (下) Esc                        105 ms
13:41:34.384 厂商 ← 读 按键快捷功能  00 01 01 02 01 cmd=0x01 flags=4 len=63
13:41:34.994 厂商 ← 读 按键快捷功能  01 01 01 02 28 cmd=0x01 flags=4 len=63
13:41:35.594 厂商 ← 读 按键快捷功能  02 01 01 02 29 cmd=0x01 flags=4 len=63
13:41:36.194 厂商 ← 读 按键快捷功能  03 01 01 02 46 cmd=0x01 flags=4 len=63
13:41:36.802 厂商 ← 读 按键快捷功能  04 01 01 02 4f cmd=0x01 flags=4 len=63
13:41:37.406 厂商 ← 读 按键快捷功能  05 01 01 02 2a cmd=0x01 flags=4 len=63
13:41:38.018 厂商 ← 读 按键快捷功能  06         cmd=0x01 flags=4 len=63
13:41:38.617 厂商 ← 读 按键快捷功能  07         cmd=0x01 flags=4 len=63
13:42:12.446 厂商 ← 读 按键快捷功能  00 01 01 02 01 cmd=0x01 flags=4 len=63
13:42:13.051 厂商 ← 写 按键快捷功能  00 01 01 02 68 cmd=0x01 flags=4 len=63
13:42:13.655 厂商 ← 读 按键快捷功能  00 01 01 02 68 cmd=0x01 flags=4 len=63
13:42:14.263 厂商 ← 读 按键快捷功能  01 01 01 02 28 cmd=0x01 flags=4 len=63
13:42:14.865 厂商 ← 读 按键快捷功能  02 01 01 02 29 cmd=0x01 flags=4 len=63
13:42:15.524 厂商 ← 读 按键快捷功能  03 01 01 02 46 cmd=0x01 flags=4 len=63
13:42:16.124 厂商 ← 读 按键快捷功能  04 01 01 02 4f cmd=0x01 flags=4 len=63
13:42:16.736 厂商 ← 读 按键快捷功能  05 01 01 02 2a cmd=0x01 flags=4 len=63

===== 2026-09-21T13:42:26 =====
════════════════════════════════════════════════════════════════
   Vibe Key 终端监控    Ctrl-C 退出
════════════════════════════════════════════════════════════════
   TEA/ECB 解密已启用 · 不依赖 Ulanzi Studio
   注意：按键会注入当前焦点窗口，建议保持本终端在前台

13:42:26.351 ● 已连接 AU05  厂商通道  usagePage=0xFFFC usage=0x0001
13:42:26.369 ● 已连接 AU05  输入接口  usagePage=0x000C usage=0x0001

   开始监听，请操作 Vibe Key…

13:43:30.845 厂商 → 通知/心跳 ctr=2130807098827      cmd=0x0B flags=0 len=63
13:43:30.984 按键     ⌨ 未知 0x68        F13                        185 ms

===== 2026-09-21T13:44:14 =====
════════════════════════════════════════════════════════════════
   Vibe Key 终端监控    Ctrl-C 退出
════════════════════════════════════════════════════════════════
   TEA/ECB 解密已启用 · 不依赖 Ulanzi Studio
   注意：按键会注入当前焦点窗口，建议保持本终端在前台

13:44:14.795 ● 已连接 AU05  厂商通道  usagePage=0xFFFC usage=0x0001
13:44:14.815 ● 已连接 AU05  输入接口  usagePage=0x000C usage=0x0001

   开始监听，请操作 Vibe Key…


  设备端按键配置（index 0-5 = 六个控件）

  index     控件               类型           键码
  ──────────────────────────────────────────────────────────
13:44:14.839 厂商 ← 读 按键快捷功能  00 01 01 02 68     cmd=0x01 flags=4 len=63
13:44:14.839 厂商 ← 读 按键快捷功能  00 01 01 02 68     cmd=0x01 flags=4 len=63
  0         键 1 (上)          按键           F13 0x68
13:44:15.443 厂商 ← 读 按键快捷功能  01 01 01 02 28     cmd=0x01 flags=4 len=63
13:44:15.443 厂商 ← 读 按键快捷功能  01 01 01 02 28     cmd=0x01 flags=4 len=63
  1         键 2 (中)          按键           Enter 0x28
13:44:16.049 厂商 ← 读 按键快捷功能  02 01 01 02 29     cmd=0x01 flags=4 len=63
13:44:16.049 厂商 ← 读 按键快捷功能  02 01 01 02 29     cmd=0x01 flags=4 len=63
  2         键 3 (下)          按键           Esc 0x29
13:44:16.653 厂商 ← 读 按键快捷功能  03 01 01 02 46     cmd=0x01 flags=4 len=63
13:44:16.653 厂商 ← 读 按键快捷功能  03 01 01 02 46     cmd=0x01 flags=4 len=63
  3         旋钮 按下            按键           PrintScreen 0x46
13:44:17.259 厂商 ← 读 按键快捷功能  04 01 01 02 4f     cmd=0x01 flags=4 len=63
13:44:17.259 厂商 ← 读 按键快捷功能  04 01 01 02 4f     cmd=0x01 flags=4 len=63
  4         旋钮 → 右拧          按键           →右方向键 0x4F
13:44:17.863 厂商 ← 读 按键快捷功能  05 01 01 02 2a     cmd=0x01 flags=4 len=63
13:44:17.863 厂商 ← 读 按键快捷功能  05 01 01 02 2a     cmd=0x01 flags=4 len=63
  5         旋钮 ← 左拧          按键           Backspace 0x2A


────────────────────────────────────────────────────────────────
  本次会话统计
────────────────────────────────────────────────────────────────
  （保活往返）                             2
  厂商 ← 读 按键快捷功能  00 01 01 02 68      1
  厂商 ← 读 按键快捷功能  01 01 01 02 28      1
  厂商 ← 读 按键快捷功能  02 01 01 02 29      1
  厂商 ← 读 按键快捷功能  03 01 01 02 46      1
  厂商 ← 读 按键快捷功能  04 01 01 02 4f      1
  厂商 ← 读 按键快捷功能  05 01 01 02 2a      1
  时长                                 3.8s

   事件已写入 /tmp/vibekey-events.log

===== 2026-09-21T13:44:21 =====
════════════════════════════════════════════════════════════════
   Vibe Key 终端监控    Ctrl-C 退出
════════════════════════════════════════════════════════════════
   TEA/ECB 解密已启用 · 不依赖 Ulanzi Studio
   注意：按键会注入当前焦点窗口，建议保持本终端在前台

13:44:21.292 ● 已连接 AU05  厂商通道  usagePage=0xFFFC usage=0x0001
13:44:21.312 ● 已连接 AU05  输入接口  usagePage=0x000C usage=0x0001

   开始监听，请操作 Vibe Key…


  设备端按键配置（index 0-5 = 六个控件）

  index     控件               类型           键码
  ──────────────────────────────────────────────────────────
13:44:21.333 厂商 ← 读 按键快捷功能  00 01 01 02 68     cmd=0x01 flags=4 len=63
13:44:21.333 厂商 ← 读 按键快捷功能  00 01 01 02 68     cmd=0x01 flags=4 len=63
  0         键 1 (上)          按键           F13 0x68
13:44:21.935 厂商 ← 读 按键快捷功能  01 01 01 02 28     cmd=0x01 flags=4 len=63
13:44:21.935 厂商 ← 读 按键快捷功能  01 01 01 02 28     cmd=0x01 flags=4 len=63
  1         键 2 (中)          按键           Enter 0x28
13:44:22.549 厂商 ← 读 按键快捷功能  02 01 01 02 29     cmd=0x01 flags=4 len=63
13:44:22.549 厂商 ← 读 按键快捷功能  02 01 01 02 29     cmd=0x01 flags=4 len=63
  2         键 3 (下)          按键           Esc 0x29
13:44:23.151 厂商 ← 读 按键快捷功能  03 01 01 02 46     cmd=0x01 flags=4 len=63
13:44:23.151 厂商 ← 读 按键快捷功能  03 01 01 02 46     cmd=0x01 flags=4 len=63
  3         旋钮 按下            按键           PrintScreen 0x46
13:44:23.755 厂商 ← 读 按键快捷功能  04 01 01 02 4f     cmd=0x01 flags=4 len=63
13:44:23.755 厂商 ← 读 按键快捷功能  04 01 01 02 4f     cmd=0x01 flags=4 len=63
  4         旋钮 → 右拧          按键           →右方向键 0x4F
13:44:24.365 厂商 ← 读 按键快捷功能  05 01 01 02 2a     cmd=0x01 flags=4 len=63
13:44:24.365 厂商 ← 读 按键快捷功能  05 01 01 02 2a     cmd=0x01 flags=4 len=63
  5         旋钮 ← 左拧          按键           Backspace 0x2A


────────────────────────────────────────────────────────────────
  本次会话统计
────────────────────────────────────────────────────────────────
  （保活往返）                             2
  厂商 ← 读 按键快捷功能  00 01 01 02 68      1
  厂商 ← 读 按键快捷功能  01 01 01 02 28      1
  厂商 ← 读 按键快捷功能  02 01 01 02 29      1
  厂商 ← 读 按键快捷功能  03 01 01 02 46      1
  厂商 ← 读 按键快捷功能  04 01 01 02 4f      1
  厂商 ← 读 按键快捷功能  05 01 01 02 2a      1
  时长                                 3.8s

   事件已写入 /tmp/vibekey-events.log

===== 2026-09-21T13:44:31 =====
════════════════════════════════════════════════════════════════
   Vibe Key 终端监控    Ctrl-C 退出
════════════════════════════════════════════════════════════════
   TEA/ECB 解密已启用 · 不依赖 Ulanzi Studio
   注意：按键会注入当前焦点窗口，建议保持本终端在前台

13:44:31.547 ● 已连接 AU05  厂商通道  usagePage=0xFFFC usage=0x0001
13:44:31.567 ● 已连接 AU05  输入接口  usagePage=0x000C usage=0x0001

  设备端按键配置（index 0-5 = 六个控件）

  index     控件               类型           键码
  ──────────────────────────────────────────────────────────
13:44:31.589 厂商 ← 读 按键快捷功能  00 01 01 02 68     cmd=0x01 flags=4 len=63
  0         键 1 (上)          按键           F13 0x68
13:44:32.193 厂商 ← 读 按键快捷功能  01 01 01 02 28     cmd=0x01 flags=4 len=63
  1         键 2 (中)          按键           Enter 0x28
13:44:32.799 厂商 ← 读 按键快捷功能  02 01 01 02 29     cmd=0x01 flags=4 len=63
  2         键 3 (下)          按键           Esc 0x29
13:44:33.403 厂商 ← 读 按键快捷功能  03 01 01 02 46     cmd=0x01 flags=4 len=63
  3         旋钮 按下            按键           PrintScreen 0x46
13:44:34.015 厂商 ← 读 按键快捷功能  04 01 01 02 4f     cmd=0x01 flags=4 len=63
  4         旋钮 → 右拧          按键           →右方向键 0x4F
13:44:34.613 厂商 ← 读 按键快捷功能  05 01 01 02 2a     cmd=0x01 flags=4 len=63
  5         旋钮 ← 左拧          按键           Backspace 0x2A


────────────────────────────────────────────────────────────────
  本次会话统计
────────────────────────────────────────────────────────────────
  （没有捕获到任何事件）
  时长                                 3.8s

   事件已写入 /tmp/vibekey-events.log

===== 2026-09-21T13:44:38 =====
════════════════════════════════════════════════════════════════
   Vibe Key 终端监控    Ctrl-C 退出
════════════════════════════════════════════════════════════════
   TEA/ECB 解密已启用 · 不依赖 Ulanzi Studio
   注意：按键会注入当前焦点窗口，建议保持本终端在前台

13:44:38.472 ● 已连接 AU05  厂商通道  usagePage=0xFFFC usage=0x0001
13:44:38.501 ● 已连接 AU05  输入接口  usagePage=0x000C usage=0x0001

  修改设备端按键配置

13:44:38.525 厂商 ← 读 按键快捷功能  00 01 01 02 68     cmd=0x01 flags=4 len=63
13:44:39.125 厂商 ← 写 按键快捷功能  00 01 01 02 01     cmd=0x01 flags=4 len=63
13:44:39.735 厂商 ← 读 按键快捷功能  00 01 01 02 01     cmd=0x01 flags=4 len=63
  0  键 1 (上)        F13                    →  0x01 (无效码/未配置) 0x01   ✔ 已写入并确认


────────────────────────────────────────────────────────────────
  本次会话统计
────────────────────────────────────────────────────────────────
  （没有捕获到任何事件）
  时长                                 2.0s

   事件已写入 /tmp/vibekey-events.log

===== 2026-09-21T13:44:40 =====
════════════════════════════════════════════════════════════════
   Vibe Key 终端监控    Ctrl-C 退出
════════════════════════════════════════════════════════════════
   TEA/ECB 解密已启用 · 不依赖 Ulanzi Studio
   注意：按键会注入当前焦点窗口，建议保持本终端在前台

13:44:40.464 ● 已连接 AU05  厂商通道  usagePage=0xFFFC usage=0x0001
13:44:40.479 ● 已连接 AU05  输入接口  usagePage=0x000C usage=0x0001

  设备端按键配置（index 0-5 = 六个控件）

  index     控件               类型           键码
  ──────────────────────────────────────────────────────────
13:44:40.503 厂商 ← 读 按键快捷功能  00 01 01 02 01     cmd=0x01 flags=4 len=63
  0         键 1 (上)          按键           0x01 (无效码/未配置) 0x01
13:44:41.105 厂商 ← 读 按键快捷功能  01 01 01 02 28     cmd=0x01 flags=4 len=63
  1         键 2 (中)          按键           Enter 0x28
13:44:41.713 厂商 ← 读 按键快捷功能  02 01 01 02 29     cmd=0x01 flags=4 len=63
  2         键 3 (下)          按键           Esc 0x29
13:44:42.313 厂商 ← 读 按键快捷功能  03 01 01 02 46     cmd=0x01 flags=4 len=63
  3         旋钮 按下            按键           PrintScreen 0x46
13:44:42.921 厂商 ← 读 按键快捷功能  04 01 01 02 4f     cmd=0x01 flags=4 len=63
  4         旋钮 → 右拧          按键           →右方向键 0x4F
13:44:43.531 厂商 ← 读 按键快捷功能  05 01 01 02 2a     cmd=0x01 flags=4 len=63
  5         旋钮 ← 左拧          按键           Backspace 0x2A


────────────────────────────────────────────────────────────────
  本次会话统计
────────────────────────────────────────────────────────────────
  （没有捕获到任何事件）
  时长                                 3.8s

   事件已写入 /tmp/vibekey-events.log

===== 2026-09-21T13:48:11 =====
════════════════════════════════════════════════════════════════
   Vibe Key 终端监控    Ctrl-C 退出
════════════════════════════════════════════════════════════════
   TEA/ECB 解密已启用 · 不依赖 Ulanzi Studio
   注意：按键会注入当前焦点窗口，建议保持本终端在前台

13:48:11.035 ● 已连接 AU05  厂商通道  usagePage=0xFFFC usage=0x0001
13:48:11.049 ● 已连接 AU05  输入接口  usagePage=0x000C usage=0x0001

  设备端按键配置（index 0-5 = 六个控件）

  index     控件               类型           键码
  ──────────────────────────────────────────────────────────
13:48:11.071 厂商 ← 读 按键快捷功能  00 01 01 02 01     cmd=0x01 flags=4 len=63
  0         键 1 (上)          按键           0x01 (无效码/未配置) 0x01
13:48:11.681 厂商 ← 读 按键快捷功能  01 01 01 02 28     cmd=0x01 flags=4 len=63
  1         键 2 (中)          按键           Enter 0x28
13:48:12.281 厂商 ← 读 按键快捷功能  02 01 01 02 29     cmd=0x01 flags=4 len=63
  2         键 3 (下)          按键           Esc 0x29
13:48:12.887 厂商 ← 读 按键快捷功能  03 01 01 02 46     cmd=0x01 flags=4 len=63
  3         旋钮 按下            按键           PrintScreen 0x46
13:48:13.491 厂商 ← 读 按键快捷功能  04 01 01 02 4f     cmd=0x01 flags=4 len=63
  4         旋钮 → 右拧          按键           →右方向键 0x4F
13:48:14.097 厂商 ← 读 按键快捷功能  05 01 01 02 2a     cmd=0x01 flags=4 len=63
  5         旋钮 ← 左拧          按键           Backspace 0x2A


────────────────────────────────────────────────────────────────
  本次会话统计
────────────────────────────────────────────────────────────────
  （没有捕获到任何事件）
  时长                                 3.8s

   事件已写入 /tmp/vibekey-events.log

────────────────────────────────────────────────────────────────
  本次会话统计
────────────────────────────────────────────────────────────────
  （保活往返）                             286
  厂商 ← 读 按键快捷功能  01 01 01 02 28      5
  厂商 ← 读 按键快捷功能  02 01 01 02 29      5
  厂商 ← 读 按键快捷功能  03 01 01 02 46      5
  厂商 ← 读 按键快捷功能  04 01 01 02 4f      5
  厂商 ← 读 按键快捷功能  05 01 01 02 2a      5
  厂商 ← 读 按键快捷功能  00 01 01 02 68      4
  厂商 ← 读 按键快捷功能  00 01 01 02 01      3
  厂商 → 通知/心跳 ctr=2130807098827       1
  按键 未知 0x68                         1
  厂商 ← 写 按键快捷功能  00 01 01 02 01      1
  时长                                 600.1s

   事件已写入 /tmp/vibekey-events.log
