# AU05 knob brightness investigation, 2026-09-24
# Source excerpts; plaintext frames truncated after byte 27 (remaining padding omitted).
# User observation after OBSERVE_KNOB_0 then OBSERVE_KNOB_20: visibly dimmer, then brighter.
# The observation is user testimony, not inferred from ACK or GET.

BASELINE 81 0b 88 11 00 00 02 01 00 0a 02 07 02 00 0a 02 07 02 00 0a 02 07 02 01 0a 02 07 02
mask40-full TX 01 0b 88 04 40 03 02 01 00 0a 02 07 02 00 0a 02 07 02 00 0a 02 07 02 01 0a 02 07 08
mask40-full REPLY 81 0b 88 14 40 03 02 01 00 0a 02 07 02 00 0a 02 07 02 00 0a 02 07 02 01 0a 02 07 08
mask40-full GET 81 0b 88 11 00 00 02 01 00 0a 02 07 02 00 0a 02 07 02 00 0a 02 07 02 01 0a 02 07 02
mask7c-full TX 01 0b 88 04 7c 03 02 01 00 0a 02 07 02 00 0a 02 07 02 00 0a 02 07 02 01 0a 02 07 08
mask7c-full REPLY 81 0b 88 14 7c 03 02 01 00 0a 02 07 02 00 0a 02 07 02 00 0a 02 07 02 01 0a 02 07 08
mask7c-full GET 81 0b 88 11 00 00 02 01 00 0a 02 07 02 00 0a 02 07 02 00 0a 02 07 02 01 0a 02 07 02
mask40-sparse TX 01 0b 88 04 40 03 00 00 00 00 00 00 00 00 00 00 00 00 00 00 00 00 00 00 00 00 00 08
mask40-sparse REPLY 81 0b 88 14 40 03 00 00 00 00 00 00 00 00 00 00 00 00 00 00 00 00 00 00 00 00 00 08
mask40-sparse GET 81 0b 88 11 00 00 02 01 00 0a 02 07 02 00 0a 02 07 02 00 0a 02 07 02 01 0a 02 07 02
BASELINE 81 0b 88 11 00 00 02 01 00 0a 02 07 02 00 0a 02 07 02 00 0a 02 07 02 01 0a 02 07 02
OBSERVE_KNOB_0 TX 01 0b 88 04 40 03 02 01 00 0a 02 07 02 00 0a 02 07 02 00 0a 02 07 02 01 0a 02 07 00
OBSERVE_KNOB_0 REPLY 81 0b 88 14 40 03 02 01 00 0a 02 07 02 00 0a 02 07 02 00 0a 02 07 02 01 0a 02 07 00
OBSERVE_KNOB_0 GET 81 0b 88 11 00 00 02 01 00 0a 02 07 02 00 0a 02 07 02 00 0a 02 07 02 01 0a 02 07 02
OBSERVE_KNOB_20 TX 01 0b 88 04 40 03 02 01 00 0a 02 07 02 00 0a 02 07 02 00 0a 02 07 02 01 0a 02 07 14
OBSERVE_KNOB_20 REPLY 81 0b 88 14 40 03 02 01 00 0a 02 07 02 00 0a 02 07 02 00 0a 02 07 02 01 0a 02 07 14
OBSERVE_KNOB_20 GET 81 0b 88 11 00 00 02 01 00 0a 02 07 02 00 0a 02 07 02 00 0a 02 07 02 01 0a 02 07 02
RESTORE TX 01 0b 88 04 40 03 02 01 00 0a 02 07 02 00 0a 02 07 02 00 0a 02 07 02 01 0a 02 07 02
RESTORE REPLY 81 0b 88 14 40 03 02 01 00 0a 02 07 02 00 0a 02 07 02 00 0a 02 07 02 01 0a 02 07 02
RESTORE GET 81 0b 88 11 00 00 02 01 00 0a 02 07 02 00 0a 02 07 02 00 0a 02 07 02 01 0a 02 07 02
